layer at (0,0) size 1600x1200
  LayoutView at (0,0) size 1600x1200
layer at (0,0) size 1600x106
  LayoutBlockFlow {HTML} at (0,0) size 1600x106
    LayoutBlockFlow {BODY} at (16,16) size 1568x74
      LayoutBlockFlow {DIV} at (0,0) size 1568x37
        LayoutText {#text} at (0,0) size 1508x36
          text run at (0,0) width 1508: "This test passes if the broken image icon appears high-resolution in HiDPI and if the outline is of the appropriate size."
      LayoutBlockFlow (anonymous) at (0,37) size 1568x37
        LayoutBlockFlow {IMG} at (0,28) size 0x0
          LayoutInline {SPAN} at (0,0) size 0x0
            LayoutInline {SPAN} at (0,0) size 0x0
        LayoutText {#text} at (0,0) size 0x0
        LayoutText {#text} at (0,0) size 0x0
