layer at (0,0) size 800x600
  LayoutView at (0,0) size 800x600
layer at (0,0) size 800x325
  LayoutBlockFlow {HTML} at (0,0) size 800x325
    LayoutBlockFlow {BODY} at (0,0) size 800x324
      LayoutBlockFlow {DIV} at (0,0) size 600x36
        LayoutText {#text} at (0,0) size 196x15
          text run at (0,0) width 196: "Table autosizing tests - nested-tables.html"
        LayoutBR {BR} at (195,0) size 1x15
        LayoutText {#text} at (0,16) size 358x15
          text run at (0,16) width 358: "This test passes if \"This text should not overlap itself\" doesn't overlap itself."
      LayoutTable {TABLE} at (1,37) size 798x287 [border: none]
        LayoutTableSection {TBODY} at (0,0) size 797x286
          LayoutTableRow {TR} at (0,0) size 797x286
            LayoutTableCell {TD} at (0,0) size 797x286 [bgcolor=#F0FFF0] [border: (1px dotted #006400)] [r=0 c=0 rs=1 cs=1]
              LayoutBlockFlow (anonymous) at (2,2) size 794x210
                LayoutText {#text} at (0,0) size 790x209
                  text run at (0,0) width 790: "Autosize Autosize Autosize Autosize Autosize Autosize Autosize"
                  text run at (0,35) width 790: "Autosize Autosize Autosize Autosize Autosize Autosize Autosize"
                  text run at (0,70) width 790: "Autosize Autosize Autosize Autosize Autosize Autosize Autosize"
                  text run at (0,105) width 790: "Autosize Autosize Autosize Autosize Autosize Autosize Autosize"
                  text run at (0,140) width 790: "Autosize Autosize Autosize Autosize Autosize Autosize Autosize"
                  text run at (0,175) width 106: "Autosize"
              LayoutTable {TABLE} at (3,213) size 92x71 [border: none]
                LayoutTableSection {TBODY} at (0,0) size 91x70
                  LayoutTableRow {TR} at (0,0) size 91x51
                    LayoutTableCell {TD} at (0,0) size 91x51 [bgcolor=#F0FFF0] [border: (1px dotted #006400)] [r=0 c=0 rs=1 cs=1]
                      LayoutText {#text} at (2,2) size 41x15
                        text run at (2,2) width 41: "This text"
                      LayoutBR {BR} at (43,2) size 0x15
                      LayoutText {#text} at (2,18) size 88x15
                        text run at (2,18) width 88: "should not overlap"
                      LayoutBR {BR} at (90,18) size 0x15
                      LayoutText {#text} at (2,34) size 26x15
                        text run at (2,34) width 26: "itself."
                  LayoutTableRow {TR} at (0,51) size 91x19
                    LayoutTableCell {TD} at (0,51) size 91x19 [bgcolor=#F0FFF0] [border: (1px dotted #006400)] [r=1 c=0 rs=1 cs=1]
                      LayoutBlockFlow {IMG} at (2,9) size 5x5
                        LayoutInline {SPAN} at (0,0) size 0x0
                          LayoutInline {SPAN} at (0,0) size 0x0
