layer at (0,0) size 800x600
  LayoutView at (0,0) size 800x600
layer at (0,0) size 800x274
  LayoutBlockFlow {HTML} at (0,0) size 800x274
    LayoutBlockFlow {BODY} at (0,0) size 800x273
      LayoutBlockFlow {DIV} at (0,0) size 600x36
        LayoutText {#text} at (0,0) size 240x15
          text run at (0,0) width 240: "Table autosizing tests - nested-table-wrapping.html"
        LayoutBR {BR} at (239,0) size 1x15
        LayoutText {#text} at (0,16) size 381x15
          text run at (0,16) width 381: "This test passes if \"the table cell should tightly wrap this text\" is tightly wrapped."
      LayoutTable {TABLE} at (1,37) size 798x236 [border: none]
        LayoutTableSection {TBODY} at (0,0) size 797x235
          LayoutTableRow {TR} at (0,0) size 797x235
            LayoutTableCell {TD} at (0,0) size 797x235 [bgcolor=#F0FFF0] [border: (1px dotted #006400)] [r=0 c=0 rs=1 cs=1]
              LayoutBlockFlow (anonymous) at (2,2) size 794x210
                LayoutText {#text} at (0,0) size 790x209
                  text run at (0,0) width 790: "Autosize Autosize Autosize Autosize Autosize Autosize Autosize"
                  text run at (0,35) width 790: "Autosize Autosize Autosize Autosize Autosize Autosize Autosize"
                  text run at (0,70) width 790: "Autosize Autosize Autosize Autosize Autosize Autosize Autosize"
                  text run at (0,105) width 790: "Autosize Autosize Autosize Autosize Autosize Autosize Autosize"
                  text run at (0,140) width 790: "Autosize Autosize Autosize Autosize Autosize Autosize Autosize"
                  text run at (0,175) width 448: "Autosize Autosize Autosize Autosize"
              LayoutTable {TABLE} at (3,213) size 197x20 [border: none]
                LayoutTableSection {TBODY} at (0,0) size 196x19
                  LayoutTableRow {TR} at (0,0) size 196x19
                    LayoutTableCell {TD} at (0,0) size 196x19 [bgcolor=#F0FFF0] [border: (1px dotted #006400)] [r=0 c=0 rs=1 cs=1]
                      LayoutText {#text} at (2,2) size 193x15
                        text run at (2,2) width 193: "the table cell should tightly wrap this text"
