layer at (0,0) size 800x600 scrollHeight 1211
  LayoutView at (0,0) size 800x600
layer at (0,0) size 800x1211 backgroundClip at (0,0) size 800x600 clip at (0,0) size 800x600
  LayoutBlockFlow {HTML} at (0,0) size 800x1211
    LayoutBlockFlow {BODY} at (0,0) size 800x1210
      LayoutBlockFlow {DIV} at (0,0) size 600x48
        LayoutText {#text} at (0,0) size 322x19
          text run at (0,0) width 322: "Table autosizing tests - table-with-inline-block.html"
        LayoutBR {BR} at (321,0) size 1x19
        LayoutText {#text} at (0,20) size 373x19
          text run at (0,20) width 373: "This test passes if there is not extra space in the pink boxes."
      LayoutTable {TABLE} at (1,49) size 798x292 [border: none]
        LayoutTableSection {TBODY} at (0,0) size 797x291
          LayoutTableRow {TR} at (0,0) size 797x291
            LayoutTableCell {TD} at (0,0) size 797x291 [bgcolor=#F0FFF0] [border: (1px dotted #006400)] [r=0 c=0 rs=1 cs=1]
              LayoutText {#text} at (2,3) size 755x142
                text run at (2,3) width 755: "Autosize Autosize Autosize Autosize Autosize"
                text run at (2,51) width 755: "Autosize Autosize Autosize Autosize Autosize"
                text run at (2,99) width 612: "Autosize Autosize Autosize Autosize "
              LayoutBlockFlow {B} at (614,120) size 90x20 [bgcolor=#FFC0CB]
                LayoutText {#text} at (0,0) size 90x19
                  text run at (0,0) width 90: "wrapped text"
              LayoutText {#text} at (2,147) size 755x142
                text run at (2,147) width 755: "Autosize Autosize Autosize Autosize Autosize"
                text run at (2,195) width 755: "Autosize Autosize Autosize Autosize Autosize"
                text run at (2,243) width 602: "Autosize Autosize Autosize Autosize"
      LayoutTable {TABLE} at (1,342) size 147x868 [border: none]
        LayoutTableSection {TBODY} at (0,0) size 146x867
          LayoutTableRow {TR} at (0,0) size 146x867
            LayoutTableCell {TD} at (0,0) size 146x867 [bgcolor=#F0FFF0] [border: (1px dotted #006400)] [r=0 c=0 rs=1 cs=1]
              LayoutText {#text} at (2,3) size 143x46
                text run at (2,3) width 143: "Autosize"
              LayoutBR {BR} at (145,3) size 0x46
              LayoutBlockFlow {B} at (2,72) size 93.72x20 [bgcolor=#FFC0CB]
                LayoutText {#text} at (0,0) size 94x19
                  text run at (0,0) width 94: "Wrapped text"
              LayoutBR {BR} at (95,51) size 1x46
              LayoutText {#text} at (2,99) size 143x46
                text run at (2,99) width 143: "Autosize"
              LayoutBR {BR} at (145,99) size 0x46
              LayoutText {#text} at (2,147) size 143x46
                text run at (2,147) width 143: "Autosize"
              LayoutBR {BR} at (145,147) size 0x46
              LayoutText {#text} at (2,195) size 143x46
                text run at (2,195) width 143: "Autosize"
              LayoutBR {BR} at (145,195) size 0x46
              LayoutText {#text} at (2,243) size 143x46
                text run at (2,243) width 143: "Autosize"
              LayoutBR {BR} at (145,243) size 0x46
              LayoutText {#text} at (2,291) size 143x46
                text run at (2,291) width 143: "Autosize"
              LayoutBR {BR} at (145,291) size 0x46
              LayoutText {#text} at (2,339) size 143x46
                text run at (2,339) width 143: "Autosize"
              LayoutBR {BR} at (145,339) size 0x46
              LayoutText {#text} at (2,387) size 143x46
                text run at (2,387) width 143: "Autosize"
              LayoutBR {BR} at (145,387) size 0x46
              LayoutText {#text} at (2,435) size 143x46
                text run at (2,435) width 143: "Autosize"
              LayoutBR {BR} at (145,435) size 0x46
              LayoutText {#text} at (2,483) size 143x46
                text run at (2,483) width 143: "Autosize"
              LayoutBR {BR} at (145,483) size 0x46
              LayoutText {#text} at (2,531) size 143x46
                text run at (2,531) width 143: "Autosize"
              LayoutBR {BR} at (145,531) size 0x46
              LayoutText {#text} at (2,579) size 143x46
                text run at (2,579) width 143: "Autosize"
              LayoutBR {BR} at (145,579) size 0x46
              LayoutText {#text} at (2,627) size 143x46
                text run at (2,627) width 143: "Autosize"
              LayoutBR {BR} at (145,627) size 0x46
              LayoutText {#text} at (2,675) size 143x46
                text run at (2,675) width 143: "Autosize"
              LayoutBR {BR} at (145,675) size 0x46
              LayoutText {#text} at (2,723) size 143x46
                text run at (2,723) width 143: "Autosize"
              LayoutBR {BR} at (145,723) size 0x46
              LayoutText {#text} at (2,771) size 143x46
                text run at (2,771) width 143: "Autosize"
              LayoutBR {BR} at (145,771) size 0x46
              LayoutText {#text} at (2,819) size 143x46
                text run at (2,819) width 143: "Autosize"
              LayoutBR {BR} at (145,819) size 0x46
