layer at (0,0) size 800x600
  LayoutView at (0,0) size 800x600
layer at (0,0) size 800x600
  LayoutBlockFlow {HTML} at (0,0) size 800x600
    LayoutBlockFlow {BODY} at (8,8) size 784x584
      LayoutBlockFlow {P} at (0,0) size 784x18
        LayoutText {#text} at (0,0) size 156x17
          text run at (0,0) width 156: "Test controls placement."
      LayoutBlockFlow (anonymous) at (0,34) size 784x118
        LayoutBR {BR} at (300,32) size 0x0
        LayoutBR {BR} at (0,32) size 0x17
        LayoutBR {BR} at (320,82) size 0x0
        LayoutBR {BR} at (0,82) size 0x17
        LayoutBR {BR} at (0,100) size 0x17
layer at (8,42) size 300x32
  LayoutMedia {AUDIO} at (0,0) size 300x32 [bgcolor=#0000FF]
layer at (8,92) size 320x32
  LayoutMedia {AUDIO} at (0,50) size 320x32 [bgcolor=#0000FF]
layer at (8,42) size 300x32
  LayoutFlexibleBox (relative positioned) {DIV} at (0,0) size 300x32
    LayoutBlockFlow {DIV} at (0,0) size 300x32
layer at (8,42) size 300x32 scrollHeight 40
  LayoutFlexibleBox (relative positioned) {DIV} at (0,0) size 300x32 [bgcolor=#FAFAFA]
    LayoutButton {INPUT} at (0,0) size 32x32
    LayoutFlexibleBox {DIV} at (32,0) size 17.73x32 [color=#5A5A5A]
      LayoutBlockFlow (anonymous) at (0,0) size 17.73x32
        LayoutText {#text} at (0,9) size 18x14
          text run at (0,9) width 18: "0:00"
    LayoutFlexibleBox {DIV} at (49.73,0) size 28.27x32 [color=#5A5A5A]
      LayoutBlockFlow (anonymous) at (4,0) size 24.27x32
        LayoutText {#text} at (0,9) size 25x14
          text run at (0,9) width 25: "/ 0:07"
    LayoutSlider {INPUT} at (96,15) size 89.13x2
      LayoutFlexibleBox {DIV} at (0,0) size 89.13x2
        LayoutBlockFlow {DIV} at (-18,-23) size 125.13x48
          LayoutBlockFlow {DIV} at (0,0) size 36x48
    LayoutButton {INPUT} at (203.13,0) size 32x32
    LayoutSlider {INPUT} at (253.13,15) size 28.88x2
      LayoutFlexibleBox {DIV} at (0,0) size 28.88x2
        LayoutBlockFlow {DIV} at (-18,-23) size 64.88x48
          LayoutBlockFlow {DIV} at (28.88,0) size 36x48
layer at (8,92) size 320x32
  LayoutFlexibleBox (relative positioned) {DIV} at (0,0) size 320x32
    LayoutBlockFlow {DIV} at (0,0) size 320x32
layer at (8,92) size 320x32 scrollHeight 40
  LayoutFlexibleBox (relative positioned) {DIV} at (0,0) size 320x32 [bgcolor=#FAFAFA]
    LayoutButton {INPUT} at (0,0) size 32x32
    LayoutFlexibleBox {DIV} at (32,0) size 17.73x32 [color=#5A5A5A]
      LayoutBlockFlow (anonymous) at (0,0) size 17.73x32
        LayoutText {#text} at (0,9) size 18x14
          text run at (0,9) width 18: "0:00"
    LayoutFlexibleBox {DIV} at (49.73,0) size 28.27x32 [color=#5A5A5A]
      LayoutBlockFlow (anonymous) at (4,0) size 24.27x32
        LayoutText {#text} at (0,9) size 25x14
          text run at (0,9) width 25: "/ 0:07"
    LayoutSlider {INPUT} at (96,15) size 98.97x2
      LayoutFlexibleBox {DIV} at (0,0) size 98.97x2
        LayoutBlockFlow {DIV} at (-18,-23) size 134.97x48
          LayoutBlockFlow {DIV} at (0,0) size 36x48
    LayoutButton {INPUT} at (212.97,0) size 32x32
    LayoutSlider {INPUT} at (262.97,15) size 39.03x2
      LayoutFlexibleBox {DIV} at (0,0) size 39.03x2
        LayoutBlockFlow {DIV} at (-18,-23) size 75.03x48
          LayoutBlockFlow {DIV} at (39.03,0) size 36x48
layer at (8,142) size 320x100
  LayoutMedia (positioned) {AUDIO} at (8,142) size 320x100 [bgcolor=#0000FF]
layer at (8,142) size 320x100
  LayoutFlexibleBox (relative positioned) {DIV} at (0,0) size 320x100
    LayoutBlockFlow {DIV} at (0,68) size 320x32
layer at (8,210) size 320x32 scrollHeight 40
  LayoutFlexibleBox (relative positioned) {DIV} at (0,0) size 320x32 [bgcolor=#FAFAFA]
    LayoutButton {INPUT} at (0,0) size 32x32
    LayoutFlexibleBox {DIV} at (32,0) size 17.73x32 [color=#5A5A5A]
      LayoutBlockFlow (anonymous) at (0,0) size 17.73x32
        LayoutText {#text} at (0,9) size 18x14
          text run at (0,9) width 18: "0:00"
    LayoutFlexibleBox {DIV} at (49.73,0) size 28.27x32 [color=#5A5A5A]
      LayoutBlockFlow (anonymous) at (4,0) size 24.27x32
        LayoutText {#text} at (0,9) size 25x14
          text run at (0,9) width 25: "/ 0:07"
    LayoutSlider {INPUT} at (96,15) size 98.97x2
      LayoutFlexibleBox {DIV} at (0,0) size 98.97x2
        LayoutBlockFlow {DIV} at (-18,-23) size 134.97x48
          LayoutBlockFlow {DIV} at (0,0) size 36x48
    LayoutButton {INPUT} at (212.97,0) size 32x32
    LayoutSlider {INPUT} at (262.97,15) size 39.03x2
      LayoutFlexibleBox {DIV} at (0,0) size 39.03x2
        LayoutBlockFlow {DIV} at (-18,-23) size 75.03x48
          LayoutBlockFlow {DIV} at (39.03,0) size 36x48
