layer at (0,0) size 800x600
  LayoutView at (0,0) size 800x600
layer at (0,0) size 800x302
  LayoutBlockFlow {HTML} at (0,0) size 800x302
    LayoutBlockFlow {BODY} at (8,16) size 784x278
      LayoutBlockFlow {P} at (0,0) size 784x18
        LayoutText {#text} at (0,0) size 475x17
          text run at (0,0) width 475: "The look of the controls should not change when styled under strict mode."
      LayoutBlockFlow (anonymous) at (0,34) size 784x244
        LayoutText {#text} at (320,226) size 4x17
          text run at (320,226) width 4: " "
        LayoutText {#text} at (0,0) size 0x0
layer at (8,50) size 320x240
  LayoutVideo {VIDEO} at (0,0) size 320x240 [color=#FF0000]
layer at (332,50) size 320x240
  LayoutVideo {VIDEO} at (324,0) size 320x240
layer at (8,50) size 320x240
  LayoutFlexibleBox (relative positioned) {DIV} at (0,0) size 320x240
    LayoutBlockFlow {DIV} at (0,208) size 320x32
layer at (8,50) size 320x198
  LayoutFlexibleBox (relative positioned) {DIV} at (0,0) size 320x198
layer at (8,258) size 320x32 scrollHeight 40
  LayoutFlexibleBox (relative positioned) {DIV} at (0,0) size 320x32 [bgcolor=#FAFAFA]
    LayoutButton {INPUT} at (0,0) size 32x32
    LayoutFlexibleBox {DIV} at (32,0) size 17.73x32 [color=#5A5A5A]
      LayoutBlockFlow (anonymous) at (0,0) size 17.73x32
        LayoutText {#text} at (0,9) size 18x14
          text run at (0,9) width 18: "0:00"
    LayoutFlexibleBox {DIV} at (49.73,0) size 28.27x32 [color=#5A5A5A]
      LayoutBlockFlow (anonymous) at (4,0) size 24.27x32
        LayoutText {#text} at (0,9) size 25x14
          text run at (0,9) width 25: "/ 0:06"
    LayoutSlider {INPUT} at (96,15) size 81x2
      LayoutFlexibleBox {DIV} at (0,0) size 81x2
        LayoutBlockFlow {DIV} at (-18,-23) size 117x48
          LayoutBlockFlow {DIV} at (0,0) size 36x48
    LayoutButton {INPUT} at (195,0) size 32x32
    LayoutSlider {INPUT} at (245,15) size 25x2
      LayoutFlexibleBox {DIV} at (0,0) size 25x2
        LayoutBlockFlow {DIV} at (-18,-23) size 61x48
          LayoutBlockFlow {DIV} at (25,0) size 36x48
layer at (296,258) size 32x32
  LayoutButton {INPUT} at (288,0) size 32x32
layer at (332,50) size 320x240
  LayoutFlexibleBox (relative positioned) {DIV} at (0,0) size 320x240
    LayoutBlockFlow {DIV} at (0,208) size 320x32
layer at (332,50) size 320x198
  LayoutFlexibleBox (relative positioned) {DIV} at (0,0) size 320x198
layer at (332,258) size 320x32 scrollHeight 40
  LayoutFlexibleBox (relative positioned) {DIV} at (0,0) size 320x32 [bgcolor=#FAFAFA]
    LayoutButton {INPUT} at (0,0) size 32x32
    LayoutFlexibleBox {DIV} at (32,0) size 17.73x32 [color=#5A5A5A]
      LayoutBlockFlow (anonymous) at (0,0) size 17.73x32
        LayoutText {#text} at (0,9) size 18x14
          text run at (0,9) width 18: "0:00"
    LayoutFlexibleBox {DIV} at (49.73,0) size 28.27x32 [color=#5A5A5A]
      LayoutBlockFlow (anonymous) at (4,0) size 24.27x32
        LayoutText {#text} at (0,9) size 25x14
          text run at (0,9) width 25: "/ 0:06"
    LayoutSlider {INPUT} at (96,15) size 81x2
      LayoutFlexibleBox {DIV} at (0,0) size 81x2
        LayoutBlockFlow {DIV} at (-18,-23) size 117x48
          LayoutBlockFlow {DIV} at (0,0) size 36x48
    LayoutButton {INPUT} at (195,0) size 32x32
    LayoutSlider {INPUT} at (245,15) size 25x2
      LayoutFlexibleBox {DIV} at (0,0) size 25x2
        LayoutBlockFlow {DIV} at (-18,-23) size 61x48
          LayoutBlockFlow {DIV} at (25,0) size 36x48
layer at (620,258) size 32x32
  LayoutButton {INPUT} at (288,0) size 32x32
