layer at (0,0) size 800x600 scrollHeight 1163
  LayoutView at (0,0) size 800x600
layer at (0,0) size 800x1163 backgroundClip at (0,0) size 800x600 clip at (0,0) size 800x600
  LayoutBlockFlow {HTML} at (0,0) size 800x1163
    LayoutBlockFlow {BODY} at (0,0) size 800x1162
      LayoutBlockFlow {DIV} at (0,0) size 600x48
        LayoutText {#text} at (0,0) size 332x18
          text run at (0,0) width 332: "Table autosizing tests - table-with-inline-block.html"
        LayoutBR {BR} at (331,0) size 1x18
        LayoutText {#text} at (0,18) size 382x18
          text run at (0,18) width 382: "This test passes if there is not extra space in the pink boxes."
      LayoutTable {TABLE} at (1,49) size 798x280 [border: none]
        LayoutTableSection {TBODY} at (0,0) size 797x279
          LayoutTableRow {TR} at (0,0) size 797x279
            LayoutTableCell {TD} at (0,0) size 797x279 [bgcolor=#F0FFF0] [border: (1px dotted #006400)] [r=0 c=0 rs=1 cs=1]
              LayoutText {#text} at (2,2) size 751x138
                text run at (2,2) width 751: "Autosize Autosize Autosize Autosize Autosize"
                text run at (2,48) width 751: "Autosize Autosize Autosize Autosize Autosize"
                text run at (2,94) width 609: "Autosize Autosize Autosize Autosize "
              LayoutBlockFlow {B} at (610.75,116) size 90.22x18 [bgcolor=#FFC0CB]
                LayoutText {#text} at (0,0) size 91x18
                  text run at (0,0) width 91: "wrapped text"
              LayoutText {#text} at (2,140) size 751x138
                text run at (2,140) width 751: "Autosize Autosize Autosize Autosize Autosize"
                text run at (2,186) width 751: "Autosize Autosize Autosize Autosize Autosize"
                text run at (2,232) width 599: "Autosize Autosize Autosize Autosize"
      LayoutTable {TABLE} at (1,330) size 147x832 [border: none]
        LayoutTableSection {TBODY} at (0,0) size 146x831
          LayoutTableRow {TR} at (0,0) size 146x831
            LayoutTableCell {TD} at (0,0) size 146x831 [bgcolor=#F0FFF0] [border: (1px dotted #006400)] [r=0 c=0 rs=1 cs=1]
              LayoutText {#text} at (2,2) size 143x46
                text run at (2,2) width 143: "Autosize"
              LayoutBR {BR} at (144,2) size 1x46
              LayoutBlockFlow {B} at (2,70) size 94.38x18 [bgcolor=#FFC0CB]
                LayoutText {#text} at (0,0) size 95x18
                  text run at (0,0) width 95: "Wrapped text"
              LayoutBR {BR} at (96,48) size 1x46
              LayoutText {#text} at (2,94) size 143x46
                text run at (2,94) width 143: "Autosize"
              LayoutBR {BR} at (144,94) size 1x46
              LayoutText {#text} at (2,140) size 143x46
                text run at (2,140) width 143: "Autosize"
              LayoutBR {BR} at (144,140) size 1x46
              LayoutText {#text} at (2,186) size 143x46
                text run at (2,186) width 143: "Autosize"
              LayoutBR {BR} at (144,186) size 1x46
              LayoutText {#text} at (2,232) size 143x46
                text run at (2,232) width 143: "Autosize"
              LayoutBR {BR} at (144,232) size 1x46
              LayoutText {#text} at (2,278) size 143x46
                text run at (2,278) width 143: "Autosize"
              LayoutBR {BR} at (144,278) size 1x46
              LayoutText {#text} at (2,324) size 143x46
                text run at (2,324) width 143: "Autosize"
              LayoutBR {BR} at (144,324) size 1x46
              LayoutText {#text} at (2,370) size 143x46
                text run at (2,370) width 143: "Autosize"
              LayoutBR {BR} at (144,370) size 1x46
              LayoutText {#text} at (2,416) size 143x46
                text run at (2,416) width 143: "Autosize"
              LayoutBR {BR} at (144,416) size 1x46
              LayoutText {#text} at (2,462) size 143x46
                text run at (2,462) width 143: "Autosize"
              LayoutBR {BR} at (144,462) size 1x46
              LayoutText {#text} at (2,508) size 143x46
                text run at (2,508) width 143: "Autosize"
              LayoutBR {BR} at (144,508) size 1x46
              LayoutText {#text} at (2,554) size 143x46
                text run at (2,554) width 143: "Autosize"
              LayoutBR {BR} at (144,554) size 1x46
              LayoutText {#text} at (2,600) size 143x46
                text run at (2,600) width 143: "Autosize"
              LayoutBR {BR} at (144,600) size 1x46
              LayoutText {#text} at (2,646) size 143x46
                text run at (2,646) width 143: "Autosize"
              LayoutBR {BR} at (144,646) size 1x46
              LayoutText {#text} at (2,692) size 143x46
                text run at (2,692) width 143: "Autosize"
              LayoutBR {BR} at (144,692) size 1x46
              LayoutText {#text} at (2,738) size 143x46
                text run at (2,738) width 143: "Autosize"
              LayoutBR {BR} at (144,738) size 1x46
              LayoutText {#text} at (2,784) size 143x46
                text run at (2,784) width 143: "Autosize"
              LayoutBR {BR} at (144,784) size 1x46
