layer at (0,0) size 800x600 scrollHeight 2087
  LayoutView at (0,0) size 800x600
layer at (0,0) size 800x2087 backgroundClip at (0,0) size 800x600 clip at (0,0) size 800x600
  LayoutBlockFlow {HTML} at (0,0) size 800x2087
    LayoutBlockFlow {BODY} at (8,8) size 784x2071
      LayoutBlockFlow {DIV} at (320,0) size 464x2025
        LayoutInline {B} at (0,0) size 451x688 [color=#0000FF]
          LayoutText {#text} at (0,1) size 451x90
            text run at (0,1) width 451: "This test passes if no text is"
            text run at (0,47) width 212: "overlapping."
          LayoutBR {BR} at (212,47) size 0x44
          LayoutText {#text} at (0,93) size 449x596
            text run at (0,93) width 449: "Autosize Autosize Autosize"
            text run at (0,139) width 449: "Autosize Autosize Autosize"
            text run at (0,185) width 449: "Autosize Autosize Autosize"
            text run at (0,231) width 449: "Autosize Autosize Autosize"
            text run at (0,277) width 449: "Autosize Autosize Autosize"
            text run at (0,323) width 449: "Autosize Autosize Autosize"
            text run at (0,369) width 449: "Autosize Autosize Autosize"
            text run at (0,415) width 449: "Autosize Autosize Autosize"
            text run at (0,461) width 449: "Autosize Autosize Autosize"
            text run at (0,507) width 449: "Autosize Autosize Autosize"
            text run at (0,553) width 449: "Autosize Autosize Autosize"
            text run at (0,599) width 449: "Autosize Autosize Autosize"
            text run at (0,645) width 449: "Autosize Autosize Autosize"
        LayoutInline {B} at (0,0) size 449x1333
          LayoutText {#text} at (0,691) size 449x1333
            text run at (0,691) width 449: "Autosize Autosize Autosize"
            text run at (0,737) width 449: "Autosize Autosize Autosize"
            text run at (0,783) width 449: "Autosize Autosize Autosize"
            text run at (0,829) width 449: "Autosize Autosize Autosize"
            text run at (0,875) width 449: "Autosize Autosize Autosize"
            text run at (0,921) width 449: "Autosize Autosize Autosize"
            text run at (0,967) width 449: "Autosize Autosize Autosize"
            text run at (0,1013) width 449: "Autosize Autosize Autosize"
            text run at (0,1059) width 449: "Autosize Autosize Autosize"
            text run at (0,1105) width 449: "Autosize Autosize Autosize"
            text run at (0,1151) width 449: "Autosize Autosize Autosize"
            text run at (0,1197) width 449: "Autosize Autosize Autosize"
            text run at (0,1243) width 449: "Autosize Autosize Autosize"
            text run at (0,1289) width 449: "Autosize Autosize Autosize"
            text run at (0,1335) width 449: "Autosize Autosize Autosize"
            text run at (0,1381) width 449: "Autosize Autosize Autosize"
            text run at (0,1427) width 449: "Autosize Autosize Autosize"
            text run at (0,1473) width 449: "Autosize Autosize Autosize"
            text run at (0,1519) width 449: "Autosize Autosize Autosize"
            text run at (0,1565) width 449: "Autosize Autosize Autosize"
            text run at (0,1611) width 449: "Autosize Autosize Autosize"
            text run at (0,1657) width 449: "Autosize Autosize Autosize"
            text run at (0,1703) width 449: "Autosize Autosize Autosize"
            text run at (0,1749) width 449: "Autosize Autosize Autosize"
            text run at (0,1795) width 449: "Autosize Autosize Autosize"
            text run at (0,1841) width 449: "Autosize Autosize Autosize"
            text run at (0,1887) width 449: "Autosize Autosize Autosize"
            text run at (0,1933) width 449: "Autosize Autosize Autosize"
            text run at (0,1980) width 306: "Autosize Autosize "
          LayoutInline {I} at (0,0) size 74x44
            LayoutText {#text} at (306,1979) size 74x44
              text run at (306,1979) width 74: "test2"
          LayoutText {#text} at (0,0) size 0x0
        LayoutText {#text} at (0,0) size 0x0
      LayoutBlockFlow {DIV} at (0,2025) size 784x46
        LayoutInline {B} at (0,0) size 78x44
          LayoutText {#text} at (0,1) size 78x44
            text run at (0,1) width 78: "test1"
