layer at (0,0) size 800x600 scrollHeight 641
  LayoutView at (0,0) size 800x600
layer at (0,0) size 800x641 backgroundClip at (0,0) size 800x600 clip at (0,0) size 800x600
  LayoutBlockFlow {HTML} at (0,0) size 800x641
    LayoutBlockFlow {BODY} at (0,0) size 800x384
      LayoutBlockFlow {DIV} at (0,0) size 800x384
        LayoutText {#text} at (0,1) size 779x382
          text run at (0,1) width 641: "This test verifies that FastTextAutosizer"
          text run at (0,49) width 699: "considers a list item (LI) to be \"text\" for the"
          text run at (0,97) width 662: "purpose of determining the deepest block"
          text run at (0,145) width 779: "containing all text (DBCAT). If this were not the"
          text run at (0,193) width 719: "case, the cluster's DBCAT would be the DIV"
          text run at (0,241) width 719: "inside the LI, which hasn't entered layout yet"
          text run at (0,289) width 732: "when the list marker is autosized (causing the"
          text run at (0,337) width 304: "autosizer to crash)."
      LayoutBlockFlow (floating) {UL} at (0,400) size 800x225
        LayoutListItem {LI} at (40,0) size 760x225
          LayoutBlockFlow {DIV} at (0,0) size 760x225
            LayoutListMarker (anonymous) at (-30,1) size 13x43: bullet
            LayoutText {#text} at (0,1) size 754x223
              text run at (0,1) width 745: "List item list item list item list item list item list"
              text run at (0,46) width 754: "item list item list item list item list item list item"
              text run at (0,91) width 733: "list item list item list item list item list item list"
              text run at (0,136) width 754: "item list item list item list item list item list item"
              text run at (0,181) width 127: "list item"
